Microchip MPLAB XC8 Compiler V2.35

Linker command line:

-W-3 --edf=/opt/microchip/xc8/v2.35/pic/dat/en_msgs.txt -cn \
  -h+dist/default/production/MPLABXProjects.production.sym \
  --cmf=dist/default/production/MPLABXProjects.production.cmf -z -Q18F25K80 \
  -o/tmp/xcXmFAcon --defsym=__MPLAB_BUILD=1 \
  -Mdist/default/production/MPLABXProjects.production.map \
  --md=/tmp/xcXAdnamL.dat -E1 -ver=XC8 Compiler --acfsm=1493 \
  -ACODE=00h-07FFFh -ACONST=00h-07FFFh -ASMALLCONST=0F00h-0FFFhx113 \
  -AMEDIUMCONST=0F00h-07FFFh -ACOMRAM=01h-05Fh -AABS1=00h-0E40h \
  -ABIGRAM=01h-0E40h -ARAM=060h-0FFh,0100h-01FFhx13,0E00h-0E40h \
  -ABANK0=060h-0FFh -ABANK1=0100h-01FFh -ABANK2=0200h-02FFh \
  -ABANK3=0300h-03FFh -ABANK4=0400h-04FFh -ABANK5=0500h-05FFh \
  -ABANK6=0600h-06FFh -ABANK7=0700h-07FFh -ABANK8=0800h-08FFh \
  -ABANK9=0900h-09FFh -ABANK10=0A00h-0AFFh -ABANK11=0B00h-0BFFh \
  -ABANK12=0C00h-0CFFh -ABANK13=0D00h-0DFFh -ABANK14=0E00h-0E40h \
  -ASFR=0E41h-0EFFh,0F00h-0F5Fh,0F60h-0FFFh -ABIGSFR=0E41h-0FFFh \
  -ACONFIG=0300000h-030000Dh -AIDLOC=0200000h-0200007h \
  -AEEDATA=0F00000h-0F003FFh -peeprom_data=EEDATA \
  -preset_vec=00h,intcode=08h,intcodelo,powerup,init -pramtop=0F00h \
  -psmallconst=SMALLCONST -pmediumconst=MEDIUMCONST -pconst=CONST \
  -AFARRAM=00h-00h \
  -prdata=COMRAM,nvrram=COMRAM,nvbit=COMRAM,rbss=COMRAM,rbit=COMRAM \
  -pfarbss=FARRAM,fardata=FARRAM,nvFARRAM=FARRAM \
  -pintsave_regs=BIGRAM,bigbss=BIGRAM,bigdata=BIGRAM -pbss=RAM \
  -pidata=CODE,irdata=CODE,ibigdata=CODE,ifardata=CODE -prparam=COMRAM \
  /tmp/xcXBKccBo.o dist/default/production/MPLABXProjects.production.o 

Object code version is 3.11

Machine type is 18F25K80



                Name                               Link     Load   Length Selector   Space Scale
/tmp/xcXBKccBo.o
                idloc                            200000   200000        8        0       5
                config                           300000   300000        E        0       4
                init                                 BC       BC        4        4       0
                reset_vec                             0        0        4        0       0
dist/default/production/MPLABXProjects.production.o
                intcode                               8        8       B4        4       0
                idloc                            200000   200000        8        0       5
                config                           300000   300000        E        0       4
                temp                                 5B       5B        1        1       1
                smallconst                          F00      F00       12      780       0
                text29                             1D42     1D42       1E      DCB       0
                text28                             1D24     1D24       1E      DCB       0
                text27                             1DD0     1DD0        2      DCB       0
                text26                             1DCE     1DCE        2      DCB       0
                text25                             1DCC     1DCC        2      DCB       0
                text24                             1DBE     1DBE        6      DCB       0
                text23                             1DCA     1DCA        2      DCB       0
                text22                             1D06     1D06       1E      DCB       0
                text21                             1DC8     1DC8        2      DCB       0
                text20                             1CE6     1CE6       20      DCB       0
                text19                             1C98     1C98       28      DCB       0
                text18                             1BFA     1BFA       3C      DCB       0
                text16                             162C     162C      174      789       0
                text15                              F12      F12      31A      789       0
                text14                             1DB4     1DB4        A      DCB       0
                text13                             1DAA     1DAA        A      DCB       0
                text12                             1DA0     1DA0        A      DCB       0
                text11                             18DA     18DA      13A      789       0
                text10                             17A0     17A0      13A      789       0
                text9                              1AA6     1AA6       78      789       0
                text8                              122C     122C      250      789       0
                text7                              1B96     1B96       64      DCB       0
                text6                              1DC4     1DC4        4      DCB       0
                text5                              1D84     1D84       12      DCB       0
                text4                              1C6E     1C6E       2A      DCB       0
                text3                              1D96     1D96        A      DCB       0
                text2                              1C36     1C36       38      DCB       0
                text1                              1D72     1D72       12      DCB       0
                text0                              147C     147C      1B0      789       0
                cstackCOMRAM                         28       28       1D        1       1
                cstackBANK0                          F2       F2        4       60       1
                dataBANK1                           100      100       77      100       1
                bssBANK1                            177      177       10      100       1
                dataBANK0                            CC       CC       26       60       1
                bssBANK0                             60       60       6C       60       1
                dataCOMRAM                           45       45       12        1       1
                bssCOMRAM                             1        1       27        1       1
                cinit                              1A14     1A14       92      789       0
                nvCOMRAM                             57       57        4        1       1
                idataBANK1                         1B1E     1B1E       77      789       0
                idataBANK0                         1CC0     1CC0       26      DCB       0
                idataCOMRAM                        1D60     1D60       12      DCB       0

TOTAL           Name                               Link     Load   Length     Space
        CLASS   CODE           
                intcode                               8        8       B4         0
                init                                 BC       BC        4         0
                reset_vec                             0        0        4         0
                text29                             1D42     1D42       1E         0
                text28                             1D24     1D24       1E         0
                text27                             1DD0     1DD0        2         0
                text26                             1DCE     1DCE        2         0
                text25                             1DCC     1DCC        2         0
                text24                             1DBE     1DBE        6         0
                text23                             1DCA     1DCA        2         0
                text22                             1D06     1D06       1E         0
                text21                             1DC8     1DC8        2         0
                text20                             1CE6     1CE6       20         0
                text19                             1C98     1C98       28         0
                text18                             1BFA     1BFA       3C         0
                text16                             162C     162C      174         0
                text15                              F12      F12      31A         0
                text14                             1DB4     1DB4        A         0
                text13                             1DAA     1DAA        A         0
                text12                             1DA0     1DA0        A         0
                text11                             18DA     18DA      13A         0
                text10                             17A0     17A0      13A         0
                text9                              1AA6     1AA6       78         0
                text8                              122C     122C      250         0
                text7                              1B96     1B96       64         0
                text6                              1DC4     1DC4        4         0
                text5                              1D84     1D84       12         0
                text4                              1C6E     1C6E       2A         0
                text3                              1D96     1D96        A         0
                text2                              1C36     1C36       38         0
                text1                              1D72     1D72       12         0
                text0                              147C     147C      1B0         0
                cinit                              1A14     1A14       92         0
                idataBANK1                         1B1E     1B1E       77         0
                idataBANK0                         1CC0     1CC0       26         0
                idataCOMRAM                        1D60     1D60       12         0

        CLASS   CONST          

        CLASS   SMALLCONST     
                smallconst                          F00      F00       12         0

        CLASS   MEDIUMCONST    

        CLASS   COMRAM         
                temp                                 5B       5B        1         1
                cstackCOMRAM                         28       28       1D         1
                dataCOMRAM                           45       45       12         1
                bssCOMRAM                             1        1       27         1
                nvCOMRAM                             57       57        4         1

        CLASS   ABS1           

        CLASS   BIGRAM         

        CLASS   RAM            

        CLASS   BANK0          
                cstackBANK0                          F2       F2        4         1
                dataBANK0                            CC       CC       26         1
                bssBANK0                             60       60       6C         1

        CLASS   BANK1          
                dataBANK1                           100      100       77         1
                bssBANK1                            177      177       10         1

        CLASS   BANK2          

        CLASS   BANK3          

        CLASS   BANK4          

        CLASS   BANK5          

        CLASS   BANK6          

        CLASS   BANK7          

        CLASS   BANK8          

        CLASS   BANK9          

        CLASS   BANK10         

        CLASS   BANK11         

        CLASS   BANK12         

        CLASS   BANK13         

        CLASS   BANK14         

        CLASS   SFR            

        CLASS   BIGSFR         

        CLASS   CONFIG         
                config                           300000   300000        E         4

        CLASS   IDLOC          
                idloc                            200000   200000        8         5

        CLASS   EEDATA         

        CLASS   FARRAM         

        CLASS   HEAP           

        CLASS   STACK          



SEGMENTS        Name                           Load    Length   Top    Selector   Space  Class

                text7                          001B96  00023C  001DD2       DCB       0  CODE    
                text15                         000F12  000C83  001B95       789       0  CODE    
                dataBANK1                      000100  000087  000187       100       1  BANK1   
                reset_vec                      000000  000004  000004         0       0  CODE    
                smallconst                     000F00  000012  000F12       780       0  SMALLCON
                intcode                        000008  0000B8  0000C0         4       0  CODE    
                bssBANK0                       000060  000096  0000F6        60       1  BANK0   
                bssCOMRAM                      000001  00005B  00005C         1       1  COMRAM  


UNUSED ADDRESS RANGES

        Name                Unused          Largest block    Delta
        BANK0            0000F6-0000FF                A
        BANK1            000187-0001FF               79
        BANK10           000A00-000AFF              100
        BANK11           000B00-000BFF              100
        BANK12           000C00-000CFF              100
        BANK13           000D00-000DFF              100
        BANK14           000E00-000E40               41
        BANK2            000200-0002FF              100
        BANK3            000300-0003FF              100
        BANK4            000400-0004FF              100
        BANK5            000500-0005FF              100
        BANK6            000600-0006FF              100
        BANK7            000700-0007FF              100
        BANK8            000800-0008FF              100
        BANK9            000900-0009FF              100
        BIGRAM           00005C-00005F                4
                         0000F6-0000FF                A
                         000187-000E40              CBA
        BIGSFR           000E41-000FFF              1BF
        CODE             000004-000007                4
                         0000C0-000EFF              E40
                         001B95-001B95                1
                         001DD2-007FFF             622E
        COMRAM           00005C-00005F                4
        CONST            000004-000007                4
                         0000C0-000EFF              E40
                         001B95-001B95                1
                         001DD2-007FFF             622E
        EEDATA           F00000-F003FF              400
        MEDIUMCONST      001B95-001B95                1
                         001DD2-007FFF             622E
        RAM              0000F6-0000FF                A
                         000187-000E40              100
        SFR              000E41-000FFF               BF
        SMALLCONST       001B95-001B95                1
                         001DD2-007FFF              100

                                  Symbol Table

?_convertReg2ExtendedCANid@block_can_rele$F1727                         cstackCOMRAM 00002C
?_convertReg2StandardCANid@block_can_rele$F1736                         cstackCOMRAM 00002C
CAN_transmit@tempCanMsg                                                 cstackCOMRAM 00003E
CAN_transmit@tempEIDH                                                   cstackCOMRAM 000040
CAN_transmit@tempEIDL                                                   cstackCOMRAM 000041
CAN_transmit@tempSIDH                                                   cstackCOMRAM 000042
CAN_transmit@tempSIDL                                                   cstackCOMRAM 000043
CanOpen_ECAN_Initialize@id                                              cstackCOMRAM 00002F
CanOpen_ECAN_Initialize@per_filter                                      cstackCOMRAM 000030
CanOpen_receive@returnValue                                             cstackCOMRAM 000043
CanOpen_receive@tempCanMsg                                              cstackCOMRAM 00003F
CanOpen_receive@tempCanMsg1                                             cstackCOMRAM 000041
ECAN_SetRXB0InterruptHandler@handler                                    cstackCOMRAM 00002C
ECAN_SetRXB1InterruptHandler@handler                                    cstackCOMRAM 00002C
ECAN_SetWakeUpInterruptHandler@handler                                  cstackCOMRAM 00002C
Read_addr_CAN@addr                                                      cstackCOMRAM 00002D
Read_addr_CAN@b                                                         cstackCOMRAM 00002F
Read_addr_CAN@bit_addr                                                  cstackCOMRAM 00002E
TMR1_SetInterruptHandler@InterruptHandler                               cstackCOMRAM 00002C
TMR1_WriteTimer@timerVal                                                cstackCOMRAM 000028
_ANCON0                                                                 (abs)        000F5D
_ANCON1                                                                 (abs)        000F5C
_BRGCON1                                                                (abs)        000E43
_BRGCON2                                                                (abs)        000E44
_BRGCON3                                                                (abs)        000E45
_Block_status                                                           text20       001CE6
_CANCON                                                                 (abs)        000F6F
_CANSTAT                                                                (abs)        000F6E
_CAN_transmit                                                           text15       000F12
_CIOCON                                                                 (abs)        000F70
_COMSTATbits                                                            (abs)        000F71
_CanOpen_ECAN_Initialize                                                text11       0018DA
_CanOpen_receive                                                        text8        00122C
_Default_Handler                                                        text26       001DCE
_ECANCON                                                                (abs)        000F72
_ECAN_RXB0I_ISR                                                         text29       001D42
_ECAN_RXB1I_ISR                                                         text28       001D24
_ECAN_SetRXB0InterruptHandler                                           text14       001DB4
_ECAN_SetRXB1InterruptHandler                                           text13       001DAA
_ECAN_SetWakeUpInterruptHandler                                         text12       001DA0
_ECAN_WAKI_ISR                                                          text22       001D06
_INTCON2bits                                                            (abs)        000FF1
_INTCONbits                                                             (abs)        000FF2
_INTERRUPT_Initialize                                                   text6        001DC4
_INTERRUPT_InterruptManager                                             intcode      000008
_LATA                                                                   (abs)        000F89
_LATAbits                                                               (abs)        000F89
_LATB                                                                   (abs)        000F8A
_LATC                                                                   (abs)        000F8B
_LATCbits                                                               (abs)        000F8B
_N1000_Device_Type                                                      smallconst   000F0D
_N1001_Error_Registr                                                    bssCOMRAM    000016
_N1003_error_field                                                      bssBANK0     000074
_N1005_cob_id_sync                                                      bssBANK0     000070
_N1006_Comm_cycle_period                                                bssBANK0     00006C
_N1007_Sync_window_len                                                  bssBANK0     000068
_N1008_Device_name                                                      smallconst   000F09
_N1009_Hardware_version                                                 smallconst   000F05
_N100A_Software_version                                                 smallconst   000F01
_N100C_Guard_Time                                                       bssCOMRAM    00000B
_N100D_Life_Time_Factor                                                 bssCOMRAM    000015
_N1010_Store_Parameters                                                 dataCOMRAM   00004B
_N1010_value                                                            bssBANK0     000078
_N1011_Restore_Default_param                                            dataCOMRAM   000048
_N1011_value                                                            bssBANK0     0000B2
_N1014_cob_id_EMCY                                                      bssBANK0     000064
_N1015_Inhibit_Time_EMCY                                                bssCOMRAM    000009
_N1016_Consumer_heartbeat_time_value                                    bssBANK0     000060
_N1017_Producer_heartbeat_time                                          bssCOMRAM    000007
_N1018_Identity_Object                                                  dataCOMRAM   00004E
_N1018_value                                                            bssBANK1     000177
_N1029_Communication_Error_value                                        bssBANK0     0000C8
_N1029_Error_Behaviour                                                  dataCOMRAM   000045
_N1200                                                                  bssBANK0     0000BE
_N1400                                                                  dataBANK0    0000D7
_N1600                                                                  dataCOMRAM   000054
_N1800                                                                  dataBANK0    0000CC
_N1A00                                                                  dataCOMRAM   000051
_OD_functoin                                                            bssCOMRAM    00000D
_OSCCON                                                                 (abs)        000FD3
_OSCCON2                                                                (abs)        000FD2
_OSCILLATOR_Initialize                                                  text5        001D84
_OSCTUNE                                                                (abs)        000F9B
_PIE1bits                                                               (abs)        000F9D
_PIE5bits                                                               (abs)        000F76
_PIN_MANAGER_Initialize                                                 text4        001C6E
_PIR1bits                                                               (abs)        000F9E
_PIR5bits                                                               (abs)        000F77
_PORTAbits                                                              (abs)        000F80
_RCONbits                                                               (abs)        000FD0
_REFOCON                                                                (abs)        000F9A
_RXB0CONbits                                                            (abs)        000F60
_RXB0D0                                                                 (abs)        000F66
_RXB0D1                                                                 (abs)        000F67
_RXB0D2                                                                 (abs)        000F68
_RXB0D3                                                                 (abs)        000F69
_RXB0D4                                                                 (abs)        000F6A
_RXB0D5                                                                 (abs)        000F6B
_RXB0D6                                                                 (abs)        000F6C
_RXB0D7                                                                 (abs)        000F6D
_RXB0DLC                                                                (abs)        000F65
_RXB0DefaultInterruptHandler                                            text25       001DCC
_RXB0EIDH                                                               (abs)        000F63
_RXB0EIDL                                                               (abs)        000F64
_RXB0InterruptHandler                                                   bssCOMRAM    000013
_RXB0SIDH                                                               (abs)        000F61
_RXB0SIDL                                                               (abs)        000F62
_RXB0_message_N                                                         text24       001DBE
_RXB1CONbits                                                            (abs)        000F30
_RXB1D0                                                                 (abs)        000F36
_RXB1D1                                                                 (abs)        000F37
_RXB1D2                                                                 (abs)        000F38
_RXB1D3                                                                 (abs)        000F39
_RXB1D4                                                                 (abs)        000F3A
_RXB1D5                                                                 (abs)        000F3B
_RXB1D6                                                                 (abs)        000F3C
_RXB1D7                                                                 (abs)        000F3D
_RXB1DLC                                                                (abs)        000F35
_RXB1DefaultInterruptHandler                                            text23       001DCA
_RXB1EIDH                                                               (abs)        000F33
_RXB1EIDL                                                               (abs)        000F34
_RXB1InterruptHandler                                                   bssCOMRAM    000011
_RXB1SIDH                                                               (abs)        000F31
_RXB1SIDL                                                               (abs)        000F32
_RXF0EIDH                                                               (abs)        000EE2
_RXF0EIDL                                                               (abs)        000EE3
_RXF0SIDH                                                               (abs)        000EE0
_RXF0SIDL                                                               (abs)        000EE1
_RXF1EIDH                                                               (abs)        000EE6
_RXF1EIDL                                                               (abs)        000EE7
_RXF1SIDH                                                               (abs)        000EE4
_RXF1SIDL                                                               (abs)        000EE5
_RXF2EIDH                                                               (abs)        000EEA
_RXF2EIDL                                                               (abs)        000EEB
_RXF2SIDH                                                               (abs)        000EE8
_RXF2SIDL                                                               (abs)        000EE9
_RXF3EIDH                                                               (abs)        000EEE
_RXF3EIDL                                                               (abs)        000EEF
_RXF3SIDH                                                               (abs)        000EEC
_RXF3SIDL                                                               (abs)        000EED
_RXF4EIDH                                                               (abs)        000EF2
_RXF4EIDL                                                               (abs)        000EF3
_RXF4SIDH                                                               (abs)        000EF0
_RXF4SIDL                                                               (abs)        000EF1
_RXF5EIDH                                                               (abs)        000EF6
_RXF5EIDL                                                               (abs)        000EF7
_RXF5SIDH                                                               (abs)        000EF4
_RXF5SIDL                                                               (abs)        000EF5
_RXM0EIDH                                                               (abs)        000EFA
_RXM0EIDL                                                               (abs)        000EFB
_RXM0SIDH                                                               (abs)        000EF8
_RXM0SIDL                                                               (abs)        000EF9
_RXM1EIDH                                                               (abs)        000EFE
_RXM1EIDL                                                               (abs)        000EFF
_RXM1SIDH                                                               (abs)        000EFC
_RXM1SIDL                                                               (abs)        000EFD
_Read_addr_CAN                                                          text7        001B96
_STATUS_rele_block                                                      bssCOMRAM    000017
_SYSTEM_Initialize                                                      text1        001D72
_T1CON                                                                  (abs)        000FCD
_T1CONbits                                                              (abs)        000FCD
_T1GCON                                                                 (abs)        000FAA
_T1GCONbits                                                             (abs)        000FAA
_TMR1H                                                                  (abs)        000FCF
_TMR1L                                                                  (abs)        000FCE
_TMR1_DefaultInterruptHandler                                           text21       001DC8
_TMR1_ISR                                                               text18       001BFA
_TMR1_Initialize                                                        text2        001C36
_TMR1_InterruptHandler                                                  nvCOMRAM     000057
_TMR1_SetInterruptHandler                                               text3        001D96
_TMR1_WriteTimer                                                        text19       001C98
_TRISA                                                                  (abs)        000F92
_TRISB                                                                  (abs)        000F93
_TRISC                                                                  (abs)        000F94
_TXB0CONbits                                                            (abs)        000F20
_TXB0D0                                                                 (abs)        000F26
_TXB0D1                                                                 (abs)        000F27
_TXB0D2                                                                 (abs)        000F28
_TXB0D3                                                                 (abs)        000F29
_TXB0D4                                                                 (abs)        000F2A
_TXB0D5                                                                 (abs)        000F2B
_TXB0D6                                                                 (abs)        000F2C
_TXB0D7                                                                 (abs)        000F2D
_TXB0DLC                                                                (abs)        000F25
_TXB0EIDH                                                               (abs)        000F23
_TXB0EIDL                                                               (abs)        000F24
_TXB0SIDH                                                               (abs)        000F21
_TXB0SIDL                                                               (abs)        000F22
_TXB1CONbits                                                            (abs)        000F10
_TXB1D0                                                                 (abs)        000F16
_TXB1D1                                                                 (abs)        000F17
_TXB1D2                                                                 (abs)        000F18
_TXB1D3                                                                 (abs)        000F19
_TXB1D4                                                                 (abs)        000F1A
_TXB1D5                                                                 (abs)        000F1B
_TXB1D6                                                                 (abs)        000F1C
_TXB1D7                                                                 (abs)        000F1D
_TXB1DLC                                                                (abs)        000F15
_TXB1EIDH                                                               (abs)        000F13
_TXB1EIDL                                                               (abs)        000F14
_TXB1SIDH                                                               (abs)        000F11
_TXB1SIDL                                                               (abs)        000F12
_TXB2CONbits                                                            (abs)        000F00
_TXB2D0                                                                 (abs)        000F06
_TXB2D1                                                                 (abs)        000F07
_TXB2D2                                                                 (abs)        000F08
_TXB2D3                                                                 (abs)        000F09
_TXB2D4                                                                 (abs)        000F0A
_TXB2D5                                                                 (abs)        000F0B
_TXB2D6                                                                 (abs)        000F0C
_TXB2D7                                                                 (abs)        000F0D
_TXB2DLC                                                                (abs)        000F05
_TXB2EIDH                                                               (abs)        000F03
_TXB2EIDL                                                               (abs)        000F04
_TXB2SIDH                                                               (abs)        000F01
_TXB2SIDL                                                               (abs)        000F02
_Table_can_rele                                                         dataBANK1    000100
_WPUB                                                                   (abs)        000F5B
_WakeUpDefaultInterruptHandler                                          text27       001DD0
_WakeUpInterruptHandler                                                 bssCOMRAM    00000F
__HRAM                                                                  (abs)        000000
__Habs1                                                                 abs1         000000
__Hbank0                                                                bank0        000000
__Hbank1                                                                bank1        000000
__Hbank10                                                               bank10       000000
__Hbank11                                                               bank11       000000
__Hbank12                                                               bank12       000000
__Hbank13                                                               bank13       000000
__Hbank14                                                               bank14       000000
__Hbank2                                                                bank2        000000
__Hbank3                                                                bank3        000000
__Hbank4                                                                bank4        000000
__Hbank5                                                                bank5        000000
__Hbank6                                                                bank6        000000
__Hbank7                                                                bank7        000000
__Hbank8                                                                bank8        000000
__Hbank9                                                                bank9        000000
__Hbigbss                                                               bigbss       000000
__Hbigdata                                                              bigdata      000000
__Hbigram                                                               bigram       000000
__Hbigsfr                                                               bigsfr       000000
__Hbss                                                                  bss          000000
__HbssBANK0                                                             bssBANK0     000000
__HbssBANK1                                                             bssBANK1     000000
__HbssCOMRAM                                                            bssCOMRAM    000000
__Hcinit                                                                cinit        000000
__Hclrtext                                                              clrtext      000000
__Hcomram                                                               comram       000000
__Hconfig                                                               config       30000E
__Hconst                                                                const        000000
__HcstackBANK0                                                          cstackBANK0  000000
__HcstackCOMRAM                                                         cstackCOMRAM 000000
__Hdata                                                                 data         000000
__HdataBANK0                                                            dataBANK0    000000
__HdataBANK1                                                            dataBANK1    000000
__HdataCOMRAM                                                           dataCOMRAM   000000
__Heeprom_data                                                          eeprom_data  000000
__Hfarbss                                                               farbss       000000
__Hfardata                                                              fardata      000000
__Hheap                                                                 heap         000000
__Hibigdata                                                             ibigdata     000000
__Hidata                                                                idata        000000
__HidataBANK0                                                           idataBANK0   000000
__HidataBANK1                                                           idataBANK1   000000
__HidataCOMRAM                                                          idataCOMRAM  000000
__Hidloc                                                                idloc        200008
__Hifardata                                                             ifardata     000000
__Hinit                                                                 init         0000C0
__Hintcode                                                              intcode      0000BC
__Hintcode_body                                                         intcode_body 000000
__Hintcodelo                                                            intcodelo    0000BC
__Hintentry                                                             intentry     000000
__Hintret                                                               intret       000000
__Hintsave_regs                                                         intsave_regs 000000
__Hirdata                                                               irdata       000000
__Hmediumconst                                                          mediumconst  000000
__HnvCOMRAM                                                             nvCOMRAM     000000
__HnvFARRAM                                                             nvFARRAM     000000
__Hnvbit                                                                nvbit        000000
__Hnvrram                                                               nvrram       000000
__Hparam                                                                rparam       000000
__Hpowerup                                                              powerup      0000BC
__Hram                                                                  ram          000000
__Hramtop                                                               ramtop       000F00
__Hrbit                                                                 rbit         000000
__Hrbss                                                                 rbss         000000
__Hrdata                                                                rdata        000000
__Hreset_vec                                                            reset_vec    000004
__Hrparam                                                               rparam       000000
__Hsfr                                                                  sfr          000000
__Hsmallconst                                                           smallconst   000F12
__Hspace_0                                                              (abs)        001DD2
__Hspace_1                                                              (abs)        000187
__Hspace_2                                                              (abs)        000000
__Hspace_4                                                              (abs)        60000E
__Hstack                                                                stack        000000
__Hstruct                                                               struct       000000
__Htemp                                                                 temp         00005C
__Htext                                                                 text         000000
__Htext0                                                                text0        000000
__Htext1                                                                text1        000000
__Htext10                                                               text10       000000
__Htext11                                                               text11       000000
__Htext12                                                               text12       000000
__Htext13                                                               text13       000000
__Htext14                                                               text14       000000
__Htext15                                                               text15       000000
__Htext16                                                               text16       000000
__Htext18                                                               text18       000000
__Htext19                                                               text19       000000
__Htext2                                                                text2        000000
__Htext20                                                               text20       000000
__Htext21                                                               text21       000000
__Htext22                                                               text22       000000
__Htext23                                                               text23       000000
__Htext24                                                               text24       000000
__Htext25                                                               text25       000000
__Htext26                                                               text26       000000
__Htext27                                                               text27       000000
__Htext28                                                               text28       000000
__Htext29                                                               text29       000000
__Htext3                                                                text3        000000
__Htext30                                                               text30       000000
__Htext4                                                                text4        000000
__Htext5                                                                text5        000000
__Htext6                                                                text6        000000
__Htext7                                                                text7        000000
__Htext8                                                                text8        000000
__Htext9                                                                text9        000000
__LRAM                                                                  (abs)        000001
__Labs1                                                                 abs1         000000
__Lbank0                                                                bank0        000000
__Lbank1                                                                bank1        000000
__Lbank10                                                               bank10       000000
__Lbank11                                                               bank11       000000
__Lbank12                                                               bank12       000000
__Lbank13                                                               bank13       000000
__Lbank14                                                               bank14       000000
__Lbank2                                                                bank2        000000
__Lbank3                                                                bank3        000000
__Lbank4                                                                bank4        000000
__Lbank5                                                                bank5        000000
__Lbank6                                                                bank6        000000
__Lbank7                                                                bank7        000000
__Lbank8                                                                bank8        000000
__Lbank9                                                                bank9        000000
__Lbigbss                                                               bigbss       000000
__Lbigdata                                                              bigdata      000000
__Lbigram                                                               bigram       000000
__Lbigsfr                                                               bigsfr       000000
__Lbss                                                                  bss          000000
__LbssBANK0                                                             bssBANK0     000000
__LbssBANK1                                                             bssBANK1     000000
__LbssCOMRAM                                                            bssCOMRAM    000000
__Lcinit                                                                cinit        000000
__Lclrtext                                                              clrtext      000000
__Lcomram                                                               comram       000000
__Lconfig                                                               config       000000
__Lconst                                                                const        000000
__LcstackBANK0                                                          cstackBANK0  000000
__LcstackCOMRAM                                                         cstackCOMRAM 000000
__Ldata                                                                 data         000000
__LdataBANK0                                                            dataBANK0    000000
__LdataBANK1                                                            dataBANK1    000000
__LdataCOMRAM                                                           dataCOMRAM   000000
__Leeprom_data                                                          eeprom_data  000000
__Lfarbss                                                               farbss       000000
__Lfardata                                                              fardata      000000
__Lheap                                                                 heap         000000
__Libigdata                                                             ibigdata     000000
__Lidata                                                                idata        000000
__LidataBANK0                                                           idataBANK0   000000
__LidataBANK1                                                           idataBANK1   000000
__LidataCOMRAM                                                          idataCOMRAM  000000
__Lidloc                                                                idloc        000000
__Lifardata                                                             ifardata     000000
__Linit                                                                 init         0000BC
__Lintcode                                                              intcode      000008
__Lintcode_body                                                         intcode_body 000000
__Lintcodelo                                                            intcodelo    0000BC
__Lintentry                                                             intentry     000000
__Lintret                                                               intret       000000
__Lintsave_regs                                                         intsave_regs 000000
__Lirdata                                                               irdata       000000
__Lmediumconst                                                          mediumconst  000000
__LnvCOMRAM                                                             nvCOMRAM     000000
__LnvFARRAM                                                             nvFARRAM     000000
__Lnvbit                                                                nvbit        000000
__Lnvrram                                                               nvrram       000000
__Lparam                                                                rparam       000000
__Lpowerup                                                              powerup      0000BC
__Lram                                                                  ram          000000
__Lramtop                                                               ramtop       000F00
__Lrbit                                                                 rbit         000000
__Lrbss                                                                 rbss         000000
__Lrdata                                                                rdata        000000
__Lreset_vec                                                            reset_vec    000000
__Lrparam                                                               rparam       000000
__Lsfr                                                                  sfr          000000
__Lsmallconst                                                           smallconst   000F00
__Lspace_0                                                              (abs)        000000
__Lspace_1                                                              (abs)        000000
__Lspace_2                                                              (abs)        000000
__Lspace_4                                                              (abs)        000000
__Lstack                                                                stack        000000
__Lstruct                                                               struct       000000
__Ltemp                                                                 temp         00005B
__Ltext                                                                 text         000000
__Ltext0                                                                text0        000000
__Ltext1                                                                text1        000000
__Ltext10                                                               text10       000000
__Ltext11                                                               text11       000000
__Ltext12                                                               text12       000000
__Ltext13                                                               text13       000000
__Ltext14                                                               text14       000000
__Ltext15                                                               text15       000000
__Ltext16                                                               text16       000000
__Ltext18                                                               text18       000000
__Ltext19                                                               text19       000000
__Ltext2                                                                text2        000000
__Ltext20                                                               text20       000000
__Ltext21                                                               text21       000000
__Ltext22                                                               text22       000000
__Ltext23                                                               text23       000000
__Ltext24                                                               text24       000000
__Ltext25                                                               text25       000000
__Ltext26                                                               text26       000000
__Ltext27                                                               text27       000000
__Ltext28                                                               text28       000000
__Ltext29                                                               text29       000000
__Ltext3                                                                text3        000000
__Ltext30                                                               text30       000000
__Ltext4                                                                text4        000000
__Ltext5                                                                text5        000000
__Ltext6                                                                text6        000000
__Ltext7                                                                text7        000000
__Ltext8                                                                text8        000000
__Ltext9                                                                text9        000000
__S0                                                                    (abs)        001DD2
__S1                                                                    (abs)        000187
__S4                                                                    (abs)        000000
__S5                                                                    (abs)        000000
___heap_hi                                                              (abs)        000000
___heap_lo                                                              (abs)        000000
___inthi_sp                                                             stack        000000
___intlo_sp                                                             stack        000000
___param_bank                                                           (abs)        000000
___rparam_used                                                          (abs)        000001
___sp                                                                   stack        000000
__accesstop                                                             (abs)        000060
__activetblptr                                                          (abs)        000002
__end_of_Block_status                                                   text20       001D06
__end_of_CAN_transmit                                                   text15       00122C
__end_of_CanOpen_ECAN_Initialize                                        text11       001A14
__end_of_CanOpen_receive                                                text8        00147C
__end_of_Default_Handler                                                text26       001DD0
__end_of_ECAN_RXB0I_ISR                                                 text29       001D60
__end_of_ECAN_RXB1I_ISR                                                 text28       001D42
__end_of_ECAN_SetRXB0InterruptHandler                                   text14       001DBE
__end_of_ECAN_SetRXB1InterruptHandler                                   text13       001DB4
__end_of_ECAN_SetWakeUpInterruptHandler                                 text12       001DAA
__end_of_ECAN_WAKI_ISR                                                  text22       001D24
__end_of_INTERRUPT_Initialize                                           text6        001DC8
__end_of_INTERRUPT_InterruptManager                                     intcode      0000BC
__end_of_N1000_Device_Type                                              smallconst   000F11
__end_of_N1008_Device_name                                              smallconst   000F0D
__end_of_N1009_Hardware_version                                         smallconst   000F09
__end_of_N100A_Software_version                                         smallconst   000F05
__end_of_OSCILLATOR_Initialize                                          text5        001D96
__end_of_PIN_MANAGER_Initialize                                         text4        001C98
__end_of_RXB0DefaultInterruptHandler                                    text25       001DCE
__end_of_RXB0_message_N                                                 text24       001DC4
__end_of_RXB1DefaultInterruptHandler                                    text23       001DCC
__end_of_Read_addr_CAN                                                  text7        001BFA
__end_of_SYSTEM_Initialize                                              text1        001D84
__end_of_TMR1_DefaultInterruptHandler                                   text21       001DCA
__end_of_TMR1_ISR                                                       text18       001C36
__end_of_TMR1_Initialize                                                text2        001C6E
__end_of_TMR1_SetInterruptHandler                                       text3        001DA0
__end_of_TMR1_WriteTimer                                                text19       001CC0
__end_of_WakeUpDefaultInterruptHandler                                  text27       001DD2
__end_of__initialization                                                cinit        001A98
__end_of_convertCANid2Reg                                               text16       0017A0
__end_of_convertReg2ExtendedCANid@block_can_rele$F1727                  text10       0018DA
__end_of_convertReg2StandardCANid@block_can_rele$F1736                  text9        001B1E
__end_of_main                                                           text0        00162C
__initialization                                                        cinit        001A14
__mediumconst                                                           mediumconst  000000
__pbssBANK0                                                             bssBANK0     000060
__pbssBANK1                                                             bssBANK1     000177
__pbssCOMRAM                                                            bssCOMRAM    000001
__pcinit                                                                cinit        001A14
__pcstackBANK0                                                          cstackBANK0  0000F2
__pcstackCOMRAM                                                         cstackCOMRAM 000028
__pdataBANK0                                                            dataBANK0    0000CC
__pdataBANK1                                                            dataBANK1    000100
__pdataCOMRAM                                                           dataCOMRAM   000045
__pidataBANK0                                                           idataBANK0   001CC0
__pidataBANK1                                                           idataBANK1   001B1E
__pidataCOMRAM                                                          idataCOMRAM  001D60
__pintcode                                                              intcode      000008
__pnvCOMRAM                                                             nvCOMRAM     000057
__psmallconst                                                           smallconst   000F00
__ptext0                                                                text0        00147C
__ptext1                                                                text1        001D72
__ptext10                                                               text10       0017A0
__ptext11                                                               text11       0018DA
__ptext12                                                               text12       001DA0
__ptext13                                                               text13       001DAA
__ptext14                                                               text14       001DB4
__ptext15                                                               text15       000F12
__ptext16                                                               text16       00162C
__ptext18                                                               text18       001BFA
__ptext19                                                               text19       001C98
__ptext2                                                                text2        001C36
__ptext20                                                               text20       001CE6
__ptext21                                                               text21       001DC8
__ptext22                                                               text22       001D06
__ptext23                                                               text23       001DCA
__ptext24                                                               text24       001DBE
__ptext25                                                               text25       001DCC
__ptext26                                                               text26       001DCE
__ptext27                                                               text27       001DD0
__ptext28                                                               text28       001D24
__ptext29                                                               text29       001D42
__ptext3                                                                text3        001D96
__ptext30                                                               text30       000000
__ptext4                                                                text4        001C6E
__ptext5                                                                text5        001D84
__ptext6                                                                text6        001DC4
__ptext7                                                                text7        001B96
__ptext8                                                                text8        00122C
__ptext9                                                                text9        001AA6
__ramtop                                                                ramtop       000F00
__smallconst                                                            smallconst   000F00
_addr_block_rele                                                        bssCOMRAM    000018
_clock_test                                                             bssCOMRAM    000019
_convertCANid2Reg                                                       text16       00162C
_convertReg2ExtendedCANid@block_can_rele$F1727                          text10       0017A0
_convertReg2StandardCANid@block_can_rele$F1736                          text9        001AA6
_gpio_input                                                             bssCOMRAM    000027
_gpio_mask_input                                                        bssCOMRAM    000025
_gpio_mask_output                                                       bssCOMRAM    00001F
_gpio_output                                                            bssCOMRAM    000023
_gpio_output_old                                                        bssCOMRAM    000005
_gpio_polary_input                                                      bssCOMRAM    000026
_gpio_polary_output                                                     bssCOMRAM    000021
_main                                                                   text0        00147C
_msg_rx_buf_0                                                           bssBANK0     000096
_msg_rx_buf_1                                                           bssBANK0     000088
_msg_tx                                                                 bssBANK0     0000A4
_pdo1_map_input                                                         dataBANK0    0000E2
_pdo1_map_output                                                        dataBANK0    0000EA
_status_command                                                         bssCOMRAM    00001C
_status_msg                                                             bssCOMRAM    00001E
_status_msg1                                                            bssCOMRAM    00001D
_temp_d                                                                 bssCOMRAM    000001
_timer1ReloadVal                                                        nvCOMRAM     000059
_timer_counter1                                                         bssCOMRAM    00001B
_timer_end                                                              bssCOMRAM    00001A
btemp                                                                   temp         00005B
convertCANid2Reg@canIdType                                              cstackCOMRAM 000030
convertCANid2Reg@passedInEIDH                                           cstackCOMRAM 000031
convertCANid2Reg@passedInEIDL                                           cstackCOMRAM 000033
convertCANid2Reg@passedInSIDH                                           cstackCOMRAM 000035
convertCANid2Reg@passedInSIDL                                           cstackCOMRAM 000037
convertCANid2Reg@tempPassedInID                                         cstackCOMRAM 00002C
convertCANid2Reg@wipSIDL                                                cstackCOMRAM 00003D
convertReg2ExtendedCANid@block_can_rele$F1727@CAN_standardLo_ID_hi3bits cstackCOMRAM 00003A
convertReg2ExtendedCANid@block_can_rele$F1727@CAN_standardLo_ID_lo2bits cstackCOMRAM 000039
convertReg2ExtendedCANid@block_can_rele$F1727@ConvertedID               cstackCOMRAM 00003B
convertReg2ExtendedCANid@block_can_rele$F1727@returnValue               cstackCOMRAM 000035
convertReg2ExtendedCANid@block_can_rele$F1727@tempRXBn_EIDH             cstackCOMRAM 000034
convertReg2ExtendedCANid@block_can_rele$F1727@tempRXBn_EIDL             cstackCOMRAM 00002C
convertReg2ExtendedCANid@block_can_rele$F1727@tempRXBn_SIDH             cstackCOMRAM 00002D
convertReg2ExtendedCANid@block_can_rele$F1727@tempRXBn_SIDL             cstackCOMRAM 00002E
convertReg2StandardCANid@block_can_rele$F1736@ConvertedID               cstackCOMRAM 000037
convertReg2StandardCANid@block_can_rele$F1736@returnValue               cstackCOMRAM 000033
convertReg2StandardCANid@block_can_rele$F1736@tempRXBn_SIDH             cstackCOMRAM 000032
convertReg2StandardCANid@block_can_rele$F1736@tempRXBn_SIDL             cstackCOMRAM 00002C
end_of_initialization                                                   cinit        001A98
int$flags                                                               temp         00005B
intlevel0                                                               text         000000
intlevel1                                                               text         000000
intlevel2                                                               text         000000
intlevel3                                                               text         000000
isa$std                                                                 (abs)        000001
isa$xinst                                                               (abs)        000000
main@Node_ID                                                            cstackCOMRAM 000044
stackhi                                                                 (abs)        000000
stacklo                                                                 (abs)        000000
start                                                                   init         0000BC
start_initialization                                                    cinit        001A14
ttemp5                                                                  temp         00005C
ttemp6                                                                  temp         00005F
ttemp7                                                                  temp         000063
wtemp8                                                                  temp         00005C


MODULE INFORMATION

Module		Function		Class		Link	Load	Size
mcc_generated_files/interrupt_manager.c
		_INTERRUPT_Initialize		CODE           	1DC4	0000	4
		_INTERRUPT_InterruptManager		CODE           	0008	0000	180

mcc_generated_files/interrupt_manager.c estimated size: 184

mcc_generated_files/pin_manager.c
		_PIN_MANAGER_Initialize		CODE           	1C6E	0000	42

mcc_generated_files/pin_manager.c estimated size: 42

./block_can_rele.h
		_convertReg2StandardCANid@block_can_rele$F1736		CODE           	1AA6	0000	120
		_Default_Handler		CODE           	1DCE	0000	2
		_Read_addr_CAN 		CODE           	1B96	0000	100
		_CanOpen_ECAN_Initialize		CODE           	18DA	0000	314
		_CanOpen_receive		CODE           	122C	0000	592
		_convertReg2ExtendedCANid@block_can_rele$F1727		CODE           	17A0	0000	314

./block_can_rele.h estimated size: 1442

mcc_generated_files/ecan.c
		_ECAN_RXB0I_ISR		CODE           	1D42	0000	30
		_ECAN_RXB1I_ISR		CODE           	1D24	0000	30
		_ECAN_SetWakeUpInterruptHandler		CODE           	1DA0	0000	10
		_ECAN_SetRXB0InterruptHandler		CODE           	1DB4	0000	10
		_ECAN_SetRXB1InterruptHandler		CODE           	1DAA	0000	10
		_RXB0DefaultInterruptHandler		CODE           	1DCC	0000	2
		_RXB1DefaultInterruptHandler		CODE           	1DCA	0000	2
		_CAN_transmit  		CODE           	0F12	0000	794
		_WakeUpDefaultInterruptHandler		CODE           	1DD0	0000	2
		_convertCANid2Reg		CODE           	162C	0000	372
		_ECAN_WAKI_ISR 		CODE           	1D06	0000	30

mcc_generated_files/ecan.c estimated size: 1292

shared
		_N1000_Device_Type		SMALLCONST     	0F0D	0000	4
		_N1008_Device_name		SMALLCONST     	0F09	0000	4
		__initialization		CODE           	1A14	0000	132
		_N100A_Software_version		SMALLCONST     	0F01	0000	4
		_N1009_Hardware_version		SMALLCONST     	0F05	0000	4

shared estimated size: 148

mcc_generated_files/mcc.c
		_OSCILLATOR_Initialize		CODE           	1D84	0000	18
		_SYSTEM_Initialize		CODE           	1D72	0000	18

mcc_generated_files/mcc.c estimated size: 36

mcc_generated_files/tmr1.c
		_TMR1_Initialize		CODE           	1C36	0000	56
		_TMR1_SetInterruptHandler		CODE           	1D96	0000	10
		_TMR1_DefaultInterruptHandler		CODE           	1DC8	0000	2
		_TMR1_WriteTimer		CODE           	1C98	0000	40
		_TMR1_ISR      		CODE           	1BFA	0000	60

mcc_generated_files/tmr1.c estimated size: 168

main.c
		_main          		CODE           	147C	0000	432
		_RXB0_message_N		CODE           	1DBE	0000	6
		_Block_status  		CODE           	1CE6	0000	32

main.c estimated size: 470

